C:/Users/pablo/STM32CubeIDE/workspace_1.11.2/LoRaWAN_End_Node/LoRaWAN/App/lora_app.c:784:13:OnSysTimeUpdate	0	static
C:/Users/pablo/STM32CubeIDE/workspace_1.11.2/LoRaWAN_End_Node/LoRaWAN/App/lora_app.c:832:13:OnTxFrameCtrlChanged	0	static
C:/Users/pablo/STM32CubeIDE/workspace_1.11.2/LoRaWAN_End_Node/LoRaWAN/App/lora_app.c:843:13:OnPingSlotPeriodicityChanged	0	static
C:/Users/pablo/STM32CubeIDE/workspace_1.11.2/LoRaWAN_End_Node/LoRaWAN/App/lora_app.c:749:13:OnBeaconStatusChange	72	static
C:/Users/pablo/STM32CubeIDE/workspace_1.11.2/LoRaWAN_End_Node/LoRaWAN/App/lora_app.c:791:13:OnClassChange	16	static
C:/Users/pablo/STM32CubeIDE/workspace_1.11.2/LoRaWAN_End_Node/LoRaWAN/App/lora_app.c:943:13:OnNvmDataChange	8	static
C:/Users/pablo/STM32CubeIDE/workspace_1.11.2/LoRaWAN_End_Node/LoRaWAN/App/lora_app.c:658:13:OnTxTimerEvent	8	static
C:/Users/pablo/STM32CubeIDE/workspace_1.11.2/LoRaWAN_End_Node/LoRaWAN/App/lora_app.c:798:13:OnMacProcessNotify	8	static
C:/Users/pablo/STM32CubeIDE/workspace_1.11.2/LoRaWAN_End_Node/LoRaWAN/App/lora_app.c:854:13:OnSystemReset	8	static,ignoring_inline_asm
C:/Users/pablo/STM32CubeIDE/workspace_1.11.2/LoRaWAN_End_Node/LoRaWAN/App/lora_app.c:810:13:OnTxPeriodicityChanged	8	static
C:/Users/pablo/STM32CubeIDE/workspace_1.11.2/LoRaWAN_End_Node/LoRaWAN/App/lora_app.c:690:13:OnTxData	24	static
C:/Users/pablo/STM32CubeIDE/workspace_1.11.2/LoRaWAN_End_Node/LoRaWAN/App/lora_app.c:719:13:OnJoinRequest	16	static
C:/Users/pablo/STM32CubeIDE/workspace_1.11.2/LoRaWAN_End_Node/LoRaWAN/App/lora_app.c:905:13:OnStopJoinTimerEvent	8	static
C:/Users/pablo/STM32CubeIDE/workspace_1.11.2/LoRaWAN_End_Node/LoRaWAN/App/lora_app.c:678:13:OnRxTimerLedEvent	8	static
C:/Users/pablo/STM32CubeIDE/workspace_1.11.2/LoRaWAN_End_Node/LoRaWAN/App/lora_app.c:673:13:OnTxTimerLedEvent	8	static
C:/Users/pablo/STM32CubeIDE/workspace_1.11.2/LoRaWAN_End_Node/LoRaWAN/App/lora_app.c:472:13:OnRxData	40	static
C:/Users/pablo/STM32CubeIDE/workspace_1.11.2/LoRaWAN_End_Node/LoRaWAN/App/lora_app.c:961:13:OnStoreContextRequest	16	static
C:/Users/pablo/STM32CubeIDE/workspace_1.11.2/LoRaWAN_End_Node/LoRaWAN/App/lora_app.c:976:13:OnRestoreContextRequest	8	static
C:/Users/pablo/STM32CubeIDE/workspace_1.11.2/LoRaWAN_End_Node/LoRaWAN/App/lora_app.c:868:13:StopJoin	16	static
C:/Users/pablo/STM32CubeIDE/workspace_1.11.2/LoRaWAN_End_Node/LoRaWAN/App/lora_app.c:921:13:StoreContext	8	static
C:/Users/pablo/STM32CubeIDE/workspace_1.11.2/LoRaWAN_End_Node/LoRaWAN/App/lora_app.c:552:13:SendTxData	48	static
C:/Users/pablo/STM32CubeIDE/workspace_1.11.2/LoRaWAN_End_Node/LoRaWAN/App/lora_app.c:683:13:OnJoinTimerLedEvent	8	static
C:/Users/pablo/STM32CubeIDE/workspace_1.11.2/LoRaWAN_End_Node/LoRaWAN/App/lora_app.c:348:6:LoRaWAN_Init	48	static
C:/Users/pablo/STM32CubeIDE/workspace_1.11.2/LoRaWAN_End_Node/LoRaWAN/App/lora_app.c:443:6:HAL_GPIO_EXTI_Callback	8	static
